Microsemi Libero Software
Version: 11.9.6.7
Release: v11.9 SP6

Info: The design main_prog.adb was last modified by software version 11.9.6.7.
Opened an existing Libero design main_prog.adb.
'BA_NAME' set to 'main_prog_ba'
'IDE_DESIGNERVIEW_NAME' set to 'Impl1'
'IDE_DESIGNERVIEW_COUNT' set to '1'
'IDE_DESIGNERVIEW_REV0' set to 'Impl1'
'IDE_DESIGNERVIEW_REVNUM0' set to '1'
'IDE_DESIGNERVIEW_ROOTDIR' set to
'C:\Users\liushuo\Desktop\vivado_fam\sch16t_CS_acc2_8hz\designer'
'IDE_DESIGNERVIEW_LASTREV' set to '1'
Wrote timing report to file: main_prog_maxdelay_timing_report.txt

The Report command succeeded ( 00:00:03 )
Wrote timing report to file: main_prog_mindelay_timing_report.txt

The Report command succeeded ( 00:00:01 )
Wrote timing_violations report to file: main_prog_maxdelay_timingviolations_report.txt

The Report command succeeded ( 00:00:00 )
Wrote timing_violations report to file: main_prog_mindelay_timingviolations_report.txt

The Report command succeeded ( 00:00:00 )
Design saved to file
C:\Users\liushuo\Desktop\vivado_fam\sch16t_CS_acc2_8hz\designer\impl1\main_prog.adb.

The Execute Script command succeeded ( 00:00:06 )
Design closed.

