Target Part: A3P1000_FBGA144_STD
Report for cell main_prog.verilog
  Core Cell usage:
              cell count     area count*area
              AND2     6      1.0        6.0
              AND3    28      1.0       28.0
               AO1   203      1.0      203.0
              AO13     6      1.0        6.0
              AO16     1      1.0        1.0
              AO18    15      1.0       15.0
              AO1A    17      1.0       17.0
              AO1C     5      1.0        5.0
              AO1D     1      1.0        1.0
              AOI1     2      1.0        2.0
             AOI1B     8      1.0        8.0
               AX1     2      1.0        2.0
              AX1A     3      1.0        3.0
              AX1B     1      1.0        1.0
              AX1C    43      1.0       43.0
              AX1D    43      1.0       43.0
              AX1E     2      1.0        2.0
             AXOI3     1      1.0        1.0
             AXOI4     1      1.0        1.0
            CLKINT     5      0.0        0.0
               GND    14      0.0        0.0
               INV     4      1.0        4.0
              MAJ3    83      1.0       83.0
              MIN3     9      1.0        9.0
               MX2   209      1.0      209.0
              MX2A     3      1.0        3.0
              MX2B    20      1.0       20.0
              MX2C     2      1.0        2.0
              NOR2    58      1.0       58.0
             NOR2A   121      1.0      121.0
             NOR2B   435      1.0      435.0
              NOR3     7      1.0        7.0
             NOR3A    43      1.0       43.0
             NOR3B    32      1.0       32.0
             NOR3C    85      1.0       85.0
               OA1    64      1.0       64.0
              OA1A     8      1.0        8.0
              OA1B     6      1.0        6.0
              OA1C     4      1.0        4.0
              OAI1     3      1.0        3.0
               OR2   160      1.0      160.0
              OR2A    32      1.0       32.0
              OR2B    20      1.0       20.0
               OR3    45      1.0       45.0
              OR3A     6      1.0        6.0
              OR3B     3      1.0        3.0
              OR3C     4      1.0        4.0
               VCC    14      0.0        0.0
               XA1    21      1.0       21.0
              XA1A     2      1.0        2.0
              XA1B     7      1.0        7.0
              XA1C     6      1.0        6.0
              XAI1     1      1.0        1.0
             XAI1A     1      1.0        1.0
             XNOR2     5      1.0        5.0
             XNOR3    13      1.0       13.0
              XO1A     2      1.0        2.0
              XOR2   249      1.0      249.0
              XOR3   120      1.0      120.0


              DFN1    22      1.0       22.0
            DFN1C1   192      1.0      192.0
          DFN1E0C1    40      1.0       40.0
          DFN1E0P1     2      1.0        2.0
          DFN1E1C1   645      1.0      645.0
          DFN1E1P1     2      1.0        2.0
            DFN1P1     6      1.0        6.0
                   -----          ----------
             TOTAL  3223              3190.0


  IO Cell usage:
              cell count
             INBUF     3
            OUTBUF     4
                   -----
             TOTAL     7


Core Cells         : 3190 of 24576 (13%)
IO Cells           : 7

  RAM/ROM Usage Summary
Block Rams : 0 of 32 (0%)

