C:\Microsemi\Libero_SoC_v11.9\SynplifyPro\bin64\c_hdl.exe  -osyn  C:\Users\liushuo\Desktop\vivado_fam\sch16t_CS_acc2_8hz\synthesis\synwork\main_prog_comp.srs  -top  main_prog  -hdllog  C:\Users\liushuo\Desktop\vivado_fam\sch16t_CS_acc2_8hz\synthesis\synlog\main_prog_compiler.srr  -encrypt  -mp  4  -verification_mode 0  -verilog  -prodtype  synplify_pro  -nram -fixsmult -divnmod   -I C:\Users\liushuo\Desktop\vivado_fam\sch16t_CS_acc2_8hz\synthesis\  -I C:\Microsemi\Libero_SoC_v11.9\SynplifyPro\lib   -v2001  -devicelib  C:\Microsemi\Libero_SoC_v11.9\SynplifyPro\lib\proasic\proasic3.v  -encrypt  -pro  -dmgen  C:\Users\liushuo\Desktop\vivado_fam\sch16t_CS_acc2_8hz\synthesis\dm  -ui -fid2 -ram -sharing on -ll 2000 -autosm  -lib work C:\Users\liushuo\Desktop\vivado_fam\sch16t_CS_acc2_8hz\hdl\Global_NET.v -lib work C:\Users\liushuo\Desktop\vivado_fam\sch16t_CS_acc2_8hz\hdl\acc.v -lib work C:\Users\liushuo\Desktop\vivado_fam\sch16t_CS_acc2_8hz\hdl\SRL16E.v -lib work C:\Users\liushuo\Desktop\vivado_fam\sch16t_CS_acc2_8hz\hdl\communication_2M.v -lib work C:\Users\liushuo\Desktop\vivado_fam\sch16t_CS_acc2_8hz\hdl\uart_receiver.v -lib work C:\Users\liushuo\Desktop\vivado_fam\sch16t_CS_acc2_8hz\hdl\com_from_fk.v -lib work C:\Users\liushuo\Desktop\vivado_fam\sch16t_CS_acc2_8hz\hdl\sch16t_loopRead.v -lib work C:\Users\liushuo\Desktop\vivado_fam\sch16t_CS_acc2_8hz\hdl\spi_master.v -lib work C:\Users\liushuo\Desktop\vivado_fam\sch16t_CS_acc2_8hz\hdl\sch16t_rw.v -lib work C:\Users\liushuo\Desktop\vivado_fam\sch16t_CS_acc2_8hz\hdl\sch16t_init.v -lib work C:\Users\liushuo\Desktop\vivado_fam\sch16t_CS_acc2_8hz\hdl\sch16t_module.v -lib work C:\Users\liushuo\Desktop\vivado_fam\sch16t_CS_acc2_8hz\hdl\main_prog.v 
relcom:..\..\..\..\..\..\..\Microsemi\Libero_SoC_v11.9\SynplifyPro\bin64\c_hdl.exe -osyn ..\synwork\main_prog_comp.srs -top main_prog -hdllog ..\synlog\main_prog_compiler.srr -encrypt -mp 4 -verification_mode 0 -verilog -prodtype synplify_pro -nram -fixsmult -divnmod -I ..\ -I ..\..\..\..\..\..\..\Microsemi\Libero_SoC_v11.9\SynplifyPro\lib -v2001 -devicelib ..\..\..\..\..\..\..\Microsemi\Libero_SoC_v11.9\SynplifyPro\lib\proasic\proasic3.v -encrypt -pro -dmgen ..\dm -ui -fid2 -ram -sharing on -ll 2000 -autosm -lib work ..\..\hdl\Global_NET.v -lib work ..\..\hdl\acc.v -lib work ..\..\hdl\SRL16E.v -lib work ..\..\hdl\communication_2M.v -lib work ..\..\hdl\uart_receiver.v -lib work ..\..\hdl\com_from_fk.v -lib work ..\..\hdl\sch16t_loopRead.v -lib work ..\..\hdl\spi_master.v -lib work ..\..\hdl\sch16t_rw.v -lib work ..\..\hdl\sch16t_init.v -lib work ..\..\hdl\sch16t_module.v -lib work ..\..\hdl\main_prog.v
rc:0 success:1 runtime:2
file:..\synwork\main_prog_comp.srs|io:o|time:1737534488|size:38987|exec:0|csum:
file:..\synlog\main_prog_compiler.srr|io:o|time:1737534488|size:44277|exec:0|csum:
file:..\..\..\..\..\..\..\Microsemi\Libero_SoC_v11.9\SynplifyPro\lib\proasic\proasic3.v|io:i|time:1508984288|size:49355|exec:0|csum:8134F444E2143EC94271A46B5CC33DA2
file:..\..\hdl\Global_NET.v|io:i|time:1736498520|size:314|exec:0|csum:09F856256494F9EEC1CDA0DC6AC0F520
file:..\..\hdl\acc.v|io:i|time:1736765855|size:1143|exec:0|csum:8CDC10CCF45F5FAD74C65A006254AC29
file:..\..\hdl\SRL16E.v|io:i|time:1736498378|size:999|exec:0|csum:636554B96EAE1C48384ADDFE5939BDB7
file:..\..\hdl\communication_2M.v|io:i|time:1736766021|size:11620|exec:0|csum:4A55A00C874FCEF77B6ABAB5DAB6526B
file:..\..\hdl\uart_receiver.v|io:i|time:1736498358|size:3040|exec:0|csum:0FB329C636F4C84A6731C18BDFC5BDA6
file:..\..\hdl\com_from_fk.v|io:i|time:1736498460|size:3400|exec:0|csum:C4D779B190F7143086AB887DF57CA46D
file:..\..\hdl\sch16t_loopRead.v|io:i|time:1736824313|size:4044|exec:0|csum:1D7F80178F9236B1FEB446C46391C67F
file:..\..\hdl\spi_master.v|io:i|time:1736758806|size:11720|exec:0|csum:B84985E3BAD86518858CCBEB8E00FAAC
file:..\..\hdl\sch16t_rw.v|io:i|time:1736498358|size:5001|exec:0|csum:5D70D5FC3E7BF319FB69A2B7C0934324
file:..\..\hdl\sch16t_init.v|io:i|time:1737534478|size:7157|exec:0|csum:DF1D6A3CD861B06A8041BBC2F1E3EC93
file:..\..\hdl\sch16t_module.v|io:i|time:1736753289|size:4574|exec:0|csum:D03FC37F88D422E45C1D3B34A758F1FD
file:..\..\hdl\main_prog.v|io:i|time:1736847631|size:7176|exec:0|csum:465A344E3716477BDCB2C7069D78065E
file:..\..\..\..\..\..\..\Microsemi\Libero_SoC_v11.9\SynplifyPro\bin\c_hdl.exe|io:i|time:1508986516|size:1338368|exec:1|csum:4BE9471CC8F1F34D3F79DD6F3C07C7F5
file:..\..\..\..\..\..\..\Microsemi\Libero_SoC_v11.9\SynplifyPro\bin64\c_hdl.exe|io:i|time:1508986724|size:1754112|exec:1|csum:0724D6BF71D325162DC071CC1383571C
